../Core/Src/main.c:240:5:map	24	static
../Core/Src/main.c:255:5:main	8	static
../Core/Src/main.c:386:6:SystemClock_Config	88	static
../Core/Src/main.c:433:13:MX_ADC1_Init	24	static
../Core/Src/main.c:485:13:MX_I2C2_Init	8	static
../Core/Src/main.c:519:13:MX_I2C3_Init	8	static
../Core/Src/main.c:553:13:MX_RTC_Init	8	static
../Core/Src/main.c:588:13:MX_SDIO_SD_Init	4	static
../Core/Src/main.c:616:13:MX_TIM1_Init	80	static
../Core/Src/main.c:685:13:MX_TIM3_Init	64	static
../Core/Src/main.c:748:13:MX_TIM4_Init	64	static
../Core/Src/main.c:811:13:MX_TIM10_Init	8	static
../Core/Src/main.c:842:13:MX_USART2_UART_Init	8	static
../Core/Src/main.c:875:13:MX_USART3_UART_Init	8	static
../Core/Src/main.c:906:13:MX_DMA_Init	16	static
../Core/Src/main.c:940:13:MX_GPIO_Init	56	static
../Core/Src/main.c:980:6:HAL_ADC_ConvCpltCallback	16	static
../Core/Src/main.c:985:6:HAL_UART_RxCpltCallback	16	static
../Core/Src/main.c:998:6:HAL_UART_TxCpltCallback	16	static
../Core/Src/main.c:1011:6:StartDefaultTask	24	static
../Core/Src/main.c:1116:6:StartGimbalTask	32	static
../Core/Src/main.c:1170:6:StartGyroscopeTask	16	static
../Core/Src/main.c:1190:6:StartEulerTask	16	static
../Core/Src/main.c:1210:6:StartRTCTask	40	static
../Core/Src/main.c:1238:6:StartBarometerTask	16	static
../Core/Src/main.c:1258:6:StartStateTask	32	static
../Core/Src/main.c:1366:6:StartGetDataTask	360	static
../Core/Src/main.c:1416:6:StartTelemetryTask	16	static
../Core/Src/main.c:1450:6:StartCameraTask	16	static
../Core/Src/main.c:1501:6:StartCommandTask	16	static
../Core/Src/main.c:1530:6:StartParseTask	16	static
../Core/Src/main.c:1551:6:HAL_TIM_PeriodElapsedCallback	16	static
../Core/Src/main.c:1568:6:Error_Handler	4	static,ignoring_inline_asm
