../Drivers/CMSIS/Include/core_cm4.h:1938:34:__NVIC_SystemReset	4	static,ignoring_inline_asm
../Core/Src/user_task.c:68:6:init	16	static
../Core/Src/user_task.c:86:6:READRAM	12	static
../Core/Src/user_task.c:114:6:RESETSRAM	4	static
../Core/Src/user_task.c:123:6:adcinit	32	static
../Core/Src/user_task.c:166:6:bno055_init	8	static
../Core/Src/user_task.c:214:6:gpsinit	8	static
../Core/Src/user_task.c:220:6:parsegpsdata	8	static
../Core/Src/user_task.c:227:6:ADC_measure	24	static
../Core/Src/user_task.c:277:9:buatcs	32	static
../Core/Src/user_task.c:298:7:pressuretoalt	24	static
../Core/Src/user_task.c:312:6:wakturtc	16	static
../Core/Src/user_task.c:324:6:Settime	40	static
../Core/Src/user_task.c:342:6:rtcbackup	8	static
../Core/Src/user_task.c:350:6:CX	8	static
../Core/Src/user_task.c:369:6:CAL	16	static
../Core/Src/user_task.c:397:6:ST	48	static
../Core/Src/user_task.c:426:6:SIM	8	static
../Core/Src/user_task.c:449:6:SIMP	8	static
../Core/Src/user_task.c:464:6:GB	8	static
../Core/Src/user_task.c:477:6:HS	8	static
../Core/Src/user_task.c:482:6:BCN	8	static
../Core/Src/user_task.c:497:6:CAM	8	static
../Core/Src/user_task.c:515:6:CR	8	static
