../Core/Src/GPS.c:100:1:prv_parse_number	24	static
../Core/Src/GPS.c:132:1:prv_parse_float_number	48	static
../Core/Src/GPS.c:168:1:prv_parse_lat_long	40	static
../Core/Src/GPS.c:185:1:prv_parse_term	32	static
../Core/Src/GPS.c:380:1:prv_check_crc	24	static
../Core/Src/GPS.c:396:1:prv_copy_from_tmp_memory	16	static
../Core/Src/GPS.c:460:1:lwgps_init	16	static
../Core/Src/GPS.c:478:1:lwgps_process	32	static
../Core/Src/GPS.c:529:1:lwgps_distance_bearing	96	static
../Core/Src/GPS.c:605:1:lwgps_to_speed	24	static
../Core/Src/GPS.c:626:6:gpsinit	8	static
../Core/Src/GPS.c:632:6:parsegpsdata	8	static
