../Core/Src/main.c:131:6:HAL_TIM_PeriodElapsedCallback	32	static
../Core/Src/main.c:264:6:HAL_ADC_ConvCpltCallback	16	static
../Core/Src/main.c:269:6:HAL_UART_RxCpltCallback	16	static
../Core/Src/main.c:282:6:HAL_UART_TxCpltCallback	16	static
../Core/Src/main.c:292:5:main	16	static
../Core/Src/main.c:390:6:SystemClock_Config	88	static
../Core/Src/main.c:437:13:MX_ADC1_Init	24	static
../Core/Src/main.c:489:13:MX_I2C2_Init	8	static
../Core/Src/main.c:523:13:MX_I2C3_Init	8	static
../Core/Src/main.c:557:13:MX_RTC_Init	32	static
../Core/Src/main.c:620:13:MX_SDIO_SD_Init	4	static
../Core/Src/main.c:648:13:MX_TIM1_Init	96	static
../Core/Src/main.c:727:13:MX_TIM3_Init	64	static
../Core/Src/main.c:790:13:MX_TIM4_Init	48	static
../Core/Src/main.c:843:13:MX_TIM9_Init	24	static
../Core/Src/main.c:881:13:MX_TIM10_Init	8	static
../Core/Src/main.c:912:13:MX_TIM11_Init	8	static
../Core/Src/main.c:943:13:MX_TIM13_Init	8	static
../Core/Src/main.c:974:13:MX_USART2_UART_Init	8	static
../Core/Src/main.c:1007:13:MX_USART3_UART_Init	8	static
../Core/Src/main.c:1038:13:MX_DMA_Init	16	static
../Core/Src/main.c:1066:13:MX_GPIO_Init	56	static
../Core/Src/main.c:1105:5:map	24	static
../Core/Src/main.c:1115:6:Error_Handler	4	static,ignoring_inline_asm
