../Drivers/CMSIS/Include/core_cm4.h:1939:34:__NVIC_SystemReset	4	static,ignoring_inline_asm
../Core/Src/task.c:68:6:init	16	static
../Core/Src/task.c:86:6:READRAM	12	static
../Core/Src/task.c:114:6:RESETSRAM	4	static
../Core/Src/task.c:123:6:adcinit	32	static
../Core/Src/task.c:166:6:bno055_init	8	static
../Core/Src/task.c:214:6:ADC_measure	24	static
../Core/Src/task.c:264:9:buatcs	32	static
../Core/Src/task.c:285:7:pressuretoalt	24	static
../Core/Src/task.c:299:6:wakturtc	16	static
../Core/Src/task.c:311:6:get_time	32	static
../Core/Src/task.c:324:6:Settime	40	static
../Core/Src/task.c:350:6:rtcbackup	8	static
../Core/Src/task.c:358:6:ambildata	344	static
../Core/Src/task.c:395:6:kirimdata	8	static
../Core/Src/task.c:401:6:state	16	static
../Core/Src/task.c:472:6:CX	8	static
../Core/Src/task.c:487:6:BCN	8	static
../Core/Src/task.c:502:6:ST	48	static
../Core/Src/task.c:537:6:SIM	8	static
../Core/Src/task.c:560:6:SIMP	8	static
../Core/Src/task.c:575:6:CAL	16	static
../Core/Src/task.c:606:6:GB	8	static
../Core/Src/task.c:620:6:HS	8	static
../Core/Src/task.c:625:6:CAM	8	static
../Core/Src/task.c:645:6:CR	8	static
